// Jest Snapshot v1, https://goo.gl/fbAQLP

exports[`<ProductsList/> should render Product List correctly 1`] = `ShallowWrapper {}`;
