// Jest Snapshot v1, https://goo.gl/fbAQLP

exports[`<ShoppingCart/> should render Shopping Cart correctly 1`] = `ShallowWrapper {}`;
