// Jest Snapshot v1, https://goo.gl/fbAQLP

exports[`<Product/> should render Product correctly 1`] = `ShallowWrapper {}`;
