// Jest Snapshot v1, https://goo.gl/fbAQLP

exports[`<Header/> should render Header correctly 1`] = `ShallowWrapper {}`;
