// Jest Snapshot v1, https://goo.gl/fbAQLP

exports[`<CartItem/> should render CartItem correctly 1`] = `ShallowWrapper {}`;
